#-----------------------------------------------------------
# Vivado v2013.4 (64-bit)
# SW Build 353583 on Mon Dec  9 17:49:19 MST 2013
# IP Build 208076 on Mon Dec  2 12:38:17 MST 2013
# Start of session at: Mon Apr 16 19:43:27 2018
# Process ID: 5040
# Log file: D:/Profiles/Administrator/Desktop/v2/3430 project v2/v2/project_1/vivado.log
# Journal file: D:/Profiles/Administrator/Desktop/v2/3430 project v2/v2/project_1\vivado.jou
#-----------------------------------------------------------
start_gui
open_project {D:\Profiles\Administrator\Desktop\v2\3430 project v2\v2\project_1\project_1.xpr}
reset_run synth_1
launch_runs impl_1 -to_step write_bitstream
wait_on_run impl_1
open_hw
connect_hw_server -host localhost -port 60001
current_hw_target [get_hw_targets */xilinx_tcf/Digilent/210248657233]
open_hw_target
set_property PROGRAM.FILE {D:/Profiles/Administrator/Desktop/v2/3430 project v2/v2/project_1/project_1.runs/impl_1/v1.bit} [lindex [get_hw_devices] 1]
set_property PROBES.FILE {D:/Profiles/Administrator/Desktop/v2/3430 project v2/v2/project_1/project_1.runs/impl_1/debug_nets.ltx} [lindex [get_hw_devices] 1]
current_hw_device [lindex [get_hw_devices] 1]
refresh_hw_device -update_hw_probes false [lindex [get_hw_devices] 1]
set_property PROGRAM.FILE {D:/Profiles/Administrator/Desktop/v2/3430 project v2/v2/project_1/project_1.runs/impl_1/v1.bit} [lindex [get_hw_devices] 1]
program_hw_devices [lindex [get_hw_devices] 1]
refresh_hw_device [lindex [get_hw_devices] 1]
update_compile_order -fileset sources_1
update_compile_order -fileset sources_1
update_compile_order -fileset sim_1
update_compile_order -fileset sources_1
update_compile_order -fileset sim_1
update_compile_order -fileset sources_1
reset_run synth_1
launch_runs impl_1 -to_step write_bitstream
wait_on_run impl_1
set_property PROGRAM.FILE {D:/Profiles/Administrator/Desktop/v2/3430 project v2/v2/project_1/project_1.runs/impl_1/v1.bit} [lindex [get_hw_devices] 1]
program_hw_devices [lindex [get_hw_devices] 1]
refresh_hw_device [lindex [get_hw_devices] 1]
reset_run synth_1
launch_runs impl_1 -to_step write_bitstream
wait_on_run impl_1
set_property PROGRAM.FILE {D:/Profiles/Administrator/Desktop/v2/3430 project v2/v2/project_1/project_1.runs/impl_1/v1.bit} [lindex [get_hw_devices] 1]
program_hw_devices [lindex [get_hw_devices] 1]
refresh_hw_device [lindex [get_hw_devices] 1]
